// Jest Snapshot v1, https://goo.gl/fbAQLP

exports[`Testa o componenete Main should render the heading 1`] = `
<div>
  <h1>
    React avan√ßado
  </h1>
</div>
`
